<!--
  Pour le DEV seulement.
-->
<model>
    <grants>
        <entry>
            <user name="mint-server"/>
            <list>
                <role name="Utilisateur"/>
            </list>
        </entry>
    </grants>
</model>
