./unix/unixBatch.ksh
./windows/windowsBatch.bat
./windows/windowsBatch.cmd